// Jest Snapshot v1, https://goo.gl/fbAQLP

exports[`renders the component Home View 1`] = `
<div
  className="home"
>
  <BarFilter
    setTitleSearch={[Function]}
    titleSearch=""
  />
  <Loading />
</div>
`;
