// Jest Snapshot v1, https://goo.gl/fbAQLP

exports[`<PageInfo/> Snapshot Check UI of OrbitalSpinner 1`] = `
<div
  className="sc-AxjAm kSkoow container row"
>
  <div
    className="col-md-6 align-self-center"
  >
    <img
      src="austronat.svg"
    />
  </div>
  <div
    className="col-md-6 align-self-center"
  >
    test snapshot!
  </div>
</div>
`;
