// Jest Snapshot v1, https://goo.gl/fbAQLP

exports[`<BikeList /> #display 1`] = `"<li class=\\"list-group-item media\\"><div class=\\"card mb-3\\"><div class=\\"row no-gutters\\"><div class=\\"col-md-4\\"><img class=\\"card-img\\" alt=\\"\\"></div><div class=\\"col-md-8\\"><div class=\\"card-body\\"><a><h5 class=\\"card-title\\"></h5></a><p class=\\"card-text\\"></p><p class=\\"card-text\\">Invalid Date, undefined</p><p class=\\"card-text\\"><small class=\\"text-muted\\">Reported </small></p></div></div></div></div></li><li class=\\"list-group-item media\\"><div class=\\"card mb-3\\"><div class=\\"row no-gutters\\"><div class=\\"col-md-4\\"><img class=\\"card-img\\" alt=\\"\\"></div><div class=\\"col-md-8\\"><div class=\\"card-body\\"><a><h5 class=\\"card-title\\"></h5></a><p class=\\"card-text\\"></p><p class=\\"card-text\\">Invalid Date, undefined</p><p class=\\"card-text\\"><small class=\\"text-muted\\">Reported </small></p></div></div></div></div></li><li class=\\"list-group-item media\\"><div class=\\"card mb-3\\"><div class=\\"row no-gutters\\"><div class=\\"col-md-4\\"><img class=\\"card-img\\" alt=\\"\\"></div><div class=\\"col-md-8\\"><div class=\\"card-body\\"><a><h5 class=\\"card-title\\"></h5></a><p class=\\"card-text\\"></p><p class=\\"card-text\\">Invalid Date, undefined</p><p class=\\"card-text\\"><small class=\\"text-muted\\">Reported </small></p></div></div></div></div></li>"`;
